// Jest Snapshot v1, https://goo.gl/fbAQLP

exports[`renders the correct content 1`] = `undefined`;
